Testing against https://ramsha00-kissanapp.hf.space
Testing with phone: +923001747514

[+] GET /health
200 {"status":"ok"}

[+] POST /api/auth/register_local
200 {"status":"success","token":"eyJhbGciOiJIUzI1NiIsInR5cCI6IkpXVCJ9.eyJ1aWQiOiIxMCIsInBob25lX251bWJlciI6Iis5MjMwMDE3NDc1MTQiLCJuYW1lIjoiVGVzdCBVc2VyIiwicm9sZSI6ImZhcm1lciIsImV4cCI6MTc4MDE3MDEwOX0.5CilAHK5gpXHdn9k726KmYuesmOHdNYoiZ00jn9lSQo","user":{"id":10,"phone":"+923001747514","name":"Test User","role":"farmer","created_at":"2026-05-23 19:41:49"}}

[+] POST /api/auth/login_local
200 {"status":"success","token":"eyJhbGciOiJIUzI1NiIsInR5cCI6IkpXVCJ9.eyJ1aWQiOiIxMCIsInBob25lX251bWJlciI6Iis5MjMwMDE3NDc1MTQiLCJuYW1lIjoiVGVzdCBVc2VyIiwicm9sZSI6ImZhcm1lciIsImV4cCI6MTc4MDE3MDExMH0.tY5SR1ZJhPEnx_Ix5Y3ZgQhYvNrwpsDIEyN8fVDljN0","user":{"id":10,"phone":"+923001747514","name":"Test User","role":"farmer","created_at":"2026-05-23 19:41:49"}}

[+] GET /api/auth/me
200 {"id":10,"phone":"+923001747514","name":"Test User","role":"farmer","created_at":"2026-05-23 19:41:49"}

[+] POST /api/antigravity/process
500 {"detail":"Extra data: line 9 column 1 (char 195)"}
